2026-08-19 18:47:01,991 | WARNING  | [Orchestrator] Error cleaning old txt files for GBPUSD: [WinError 2] The system cannot find the file specified: 'data_base\\orchestrator\\GBPUSD\\GBPUSD0819181902.txt'
2026-08-23 00:33:03,843 | WARNING  | [Orchestrator] Error cleaning old txt files for USDJPY-OTC: [WinError 2] The system cannot find the file specified: 'data_evaluate/payload_output\\USDJPY-OTC\\USDJPYOTC0822031403.txt'
2026-08-23 00:41:04,333 | WARNING  | [Orchestrator] Error cleaning old txt files for USDJPY-OTC: [WinError 2] The system cannot find the file specified: 'data_evaluate/payload_output\\USDJPY-OTC\\USDJPYOTC0823000701.txt'
2026-08-28 05:28:01,993 | WARNING  | [Orchestrator] Error cleaning old txt files for EURUSD: [WinError 2] The system cannot find the file specified: 'data_evaluate/payload_output\\EURUSD\\EURUSD0828050101.txt'
2026-08-28 05:39:02,056 | WARNING  | [Orchestrator] Error cleaning old txt files for EURUSD: [WinError 2] The system cannot find the file specified: 'data_evaluate/payload_output\\EURUSD\\EURUSD0828051301.txt'
2026-08-28 05:47:01,961 | WARNING  | [Orchestrator] Error cleaning old txt files for EURUSD-OTC: [WinError 2] The system cannot find the file specified: 'data_evaluate/payload_output\\EURUSD-OTC\\EURUSDOTC0828052201.txt'
2026-08-28 05:49:01,977 | WARNING  | [Orchestrator] Error cleaning old txt files for EURUSD-OTC: [WinError 2] The system cannot find the file specified: 'data_evaluate/payload_output\\EURUSD-OTC\\EURUSDOTC0828052401.txt'
2026-08-28 05:58:02,098 | WARNING  | [Orchestrator] Error cleaning old txt files for EURUSD-OTC: [WinError 2] The system cannot find the file specified: 'data_evaluate/payload_output\\EURUSD-OTC\\EURUSDOTC0828053703.txt'
2026-08-28 06:00:02,045 | WARNING  | [Orchestrator] Error cleaning old txt files for EURUSD: [WinError 2] The system cannot find the file specified: 'data_evaluate/payload_output\\EURUSD\\EURUSD0828053901.txt'
2026-08-28 06:00:02,045 | WARNING  | [Orchestrator] Error cleaning old txt files for EURUSD: [WinError 2] The system cannot find the file specified: 'data_evaluate/payload_output\\EURUSD\\EURUSD0828053901.txt'
2026-08-28 06:06:02,229 | WARNING  | [Orchestrator] Error cleaning old txt files for EURUSD-OTC: [WinError 2] The system cannot find the file specified: 'data_evaluate/payload_output\\EURUSD-OTC\\EURUSDOTC0828055001.txt'
2026-08-28 06:08:02,045 | WARNING  | [Orchestrator] Error cleaning old txt files for EURUSD: [WinError 2] The system cannot find the file specified: 'data_evaluate/payload_output\\EURUSD\\EURUSD0828055405.txt'
2026-08-28 06:09:02,001 | WARNING  | [Orchestrator] Error cleaning old txt files for EURUSD-OTC: [WinError 2] The system cannot find the file specified: 'data_evaluate/payload_output\\EURUSD-OTC\\EURUSDOTC0828055405.txt'
2026-08-28 06:14:02,134 | WARNING  | [Orchestrator] Error cleaning old txt files for EURUSD-OTC: [WinError 2] The system cannot find the file specified: 'data_evaluate/payload_output\\EURUSD-OTC\\EURUSDOTC0828060107.txt'
2026-08-28 06:14:02,152 | WARNING  | [Orchestrator] Error cleaning old txt files for EURUSD-OTC: [WinError 2] The system cannot find the file specified: 'data_evaluate/payload_output\\EURUSD-OTC\\EURUSDOTC0828060107.txt'
2026-08-28 06:17:02,032 | WARNING  | [Orchestrator] Error cleaning old txt files for EURUSD: [WinError 2] The system cannot find the file specified: 'data_evaluate/payload_output\\EURUSD\\EURUSD0828060403.txt'
2026-08-28 06:17:02,115 | WARNING  | [Orchestrator] Error cleaning old txt files for EURUSD-OTC: [WinError 2] The system cannot find the file specified: 'data_evaluate/payload_output\\EURUSD-OTC\\EURUSDOTC0828060402.txt'
2026-08-28 06:19:02,115 | WARNING  | [Orchestrator] Error cleaning old txt files for EURUSD-OTC: [WinError 2] The system cannot find the file specified: 'data_evaluate/payload_output\\EURUSD-OTC\\EURUSDOTC0828060603.txt'
2026-08-28 06:20:02,129 | WARNING  | [Orchestrator] Error cleaning old txt files for EURUSD: [WinError 2] The system cannot find the file specified: 'data_evaluate/payload_output\\EURUSD\\EURUSD0828060604.txt'
2026-08-28 06:21:02,290 | WARNING  | [Orchestrator] Error cleaning old txt files for EURUSD-OTC: [WinError 2] The system cannot find the file specified: 'data_evaluate/payload_output\\EURUSD-OTC\\EURUSDOTC0828060803.txt'
2026-08-28 06:22:02,124 | WARNING  | [Orchestrator] Error cleaning old txt files for EURUSD-OTC: [WinError 2] The system cannot find the file specified: 'data_evaluate/payload_output\\EURUSD-OTC\\EURUSDOTC0828060902.txt'
2026-08-28 06:24:02,052 | WARNING  | [Orchestrator] Error cleaning old txt files for EURUSD-OTC: [WinError 2] The system cannot find the file specified: 'data_evaluate/payload_output\\EURUSD-OTC\\EURUSDOTC0828061102.txt'
2026-08-28 06:24:02,057 | WARNING  | [Orchestrator] Error cleaning old txt files for EURUSD-OTC: [WinError 2] The system cannot find the file specified: 'data_evaluate/payload_output\\EURUSD-OTC\\EURUSDOTC0828061102.txt'
2026-08-28 06:32:02,053 | WARNING  | [Orchestrator] Error cleaning old txt files for EURUSD-OTC: [WinError 2] The system cannot find the file specified: 'data_evaluate/payload_output\\EURUSD-OTC\\EURUSDOTC0828061901.txt'
2026-08-28 06:35:02,070 | WARNING  | [Orchestrator] Error cleaning old txt files for EURUSD-OTC: [WinError 2] The system cannot find the file specified: 'data_evaluate/payload_output\\EURUSD-OTC\\EURUSDOTC0828062206.txt'
2026-08-28 06:37:02,117 | WARNING  | [Orchestrator] Error cleaning old txt files for EURUSD-OTC: [WinError 2] The system cannot find the file specified: 'data_evaluate/payload_output\\EURUSD-OTC\\EURUSDOTC0828062410.txt'
2026-08-28 06:38:02,065 | WARNING  | [Orchestrator] Error cleaning old txt files for EURUSD-OTC: [WinError 2] The system cannot find the file specified: 'data_evaluate/payload_output\\EURUSD-OTC\\EURUSDOTC0828062510.txt'
2026-08-28 06:42:02,073 | WARNING  | [Orchestrator] Error cleaning old txt files for EURUSD: [WinError 2] The system cannot find the file specified: 'data_evaluate/payload_output\\EURUSD\\EURUSD0828062903.txt'
2026-08-28 06:44:01,972 | WARNING  | [Orchestrator] Error cleaning old txt files for EURUSD-OTC: [WinError 2] The system cannot find the file specified: 'data_evaluate/payload_output\\EURUSD-OTC\\EURUSDOTC0828063013.txt'
2026-08-28 06:44:01,978 | WARNING  | [Orchestrator] Error cleaning old txt files for EURUSD-OTC: [WinError 2] The system cannot find the file specified: 'data_evaluate/payload_output\\EURUSD-OTC\\EURUSDOTC0828063013.txt'
2026-08-28 06:45:02,070 | WARNING  | [Orchestrator] Error cleaning old txt files for EURUSD-OTC: [WinError 2] The system cannot find the file specified: 'data_evaluate/payload_output\\EURUSD-OTC\\EURUSDOTC0828063123.txt'
2026-08-28 06:46:02,927 | WARNING  | [Orchestrator] Error cleaning old txt files for EURUSD-OTC: [WinError 2] The system cannot find the file specified: 'data_evaluate/payload_output\\EURUSD-OTC\\EURUSDOTC0828063201.txt'
2026-08-28 06:46:04,976 | WARNING  | [Orchestrator] Error cleaning old txt files for EURUSD: [WinError 2] The system cannot find the file specified: 'data_evaluate/payload_output\\EURUSD\\EURUSD0828063301.txt'
2026-08-28 06:49:02,115 | WARNING  | [Orchestrator] Error cleaning old txt files for EURUSD-OTC: [WinError 2] The system cannot find the file specified: 'data_evaluate/payload_output\\EURUSD-OTC\\EURUSDOTC0828063310.txt'
2026-08-28 06:50:02,104 | WARNING  | [Orchestrator] Error cleaning old txt files for EURUSD-OTC: [WinError 2] The system cannot find the file specified: 'data_evaluate/payload_output\\EURUSD-OTC\\EURUSDOTC0828063417.txt'
2026-08-28 06:51:02,139 | WARNING  | [Orchestrator] Error cleaning old txt files for EURUSD-OTC: [WinError 2] The system cannot find the file specified: 'data_evaluate/payload_output\\EURUSD-OTC\\EURUSDOTC0828063501.txt'
2026-08-28 06:54:02,086 | WARNING  | [Orchestrator] Error cleaning old txt files for EURUSD-OTC: [WinError 2] The system cannot find the file specified: 'data_evaluate/payload_output\\EURUSD-OTC\\EURUSDOTC0828063828.txt'
2026-08-28 06:55:02,116 | WARNING  | [Orchestrator] Error cleaning old txt files for EURUSD-OTC: [WinError 2] The system cannot find the file specified: 'data_evaluate/payload_output\\EURUSD-OTC\\EURUSDOTC0828063903.txt'
2026-08-28 06:55:02,127 | WARNING  | [Orchestrator] Error cleaning old txt files for EURUSD-OTC: [WinError 2] The system cannot find the file specified: 'data_evaluate/payload_output\\EURUSD-OTC\\EURUSDOTC0828063903.txt'
2026-08-28 07:05:02,085 | WARNING  | [Orchestrator] Error cleaning old txt files for EURUSD-OTC: [WinError 2] The system cannot find the file specified: 'data_evaluate/payload_output\\EURUSD-OTC\\EURUSDOTC0828064602.txt'
2026-08-28 07:08:02,111 | WARNING  | [Orchestrator] Error cleaning old txt files for EURUSD-OTC: [WinError 2] The system cannot find the file specified: 'data_evaluate/payload_output\\EURUSD-OTC\\EURUSDOTC0828065101.txt'
2026-08-28 07:09:02,163 | WARNING  | [Orchestrator] Error cleaning old txt files for EURUSD-OTC: [WinError 2] The system cannot find the file specified: 'data_evaluate/payload_output\\EURUSD-OTC\\EURUSDOTC0828065103.txt'
2026-08-28 07:10:02,087 | WARNING  | [Orchestrator] Error cleaning old txt files for EURUSD-OTC: [WinError 2] The system cannot find the file specified: 'data_evaluate/payload_output\\EURUSD-OTC\\EURUSDOTC0828065201.txt'
2026-08-28 07:10:02,096 | WARNING  | [Orchestrator] Error cleaning old txt files for EURUSD-OTC: [WinError 2] The system cannot find the file specified: 'data_evaluate/payload_output\\EURUSD-OTC\\EURUSDOTC0828065201.txt'
2026-08-28 07:12:02,066 | WARNING  | [Orchestrator] Error cleaning old txt files for EURUSD-OTC: [WinError 2] The system cannot find the file specified: 'data_evaluate/payload_output\\EURUSD-OTC\\EURUSDOTC0828065401.txt'
2026-08-28 07:15:02,096 | WARNING  | [Orchestrator] Error cleaning old txt files for EURUSD-OTC: [WinError 2] The system cannot find the file specified: 'data_evaluate/payload_output\\EURUSD-OTC\\EURUSDOTC0828065654.txt'
2026-08-28 07:15:02,103 | WARNING  | [Orchestrator] Error cleaning old txt files for EURUSD-OTC: [WinError 2] The system cannot find the file specified: 'data_evaluate/payload_output\\EURUSD-OTC\\EURUSDOTC0828065654.txt'
2026-08-28 07:18:02,076 | WARNING  | [Orchestrator] Error cleaning old txt files for EURUSD-OTC: [WinError 2] The system cannot find the file specified: 'data_evaluate/payload_output\\EURUSD-OTC\\EURUSDOTC0828070001.txt'
2026-08-28 07:19:02,052 | WARNING  | [Orchestrator] Error cleaning old txt files for EURUSD-OTC: [WinError 2] The system cannot find the file specified: 'data_evaluate/payload_output\\EURUSD-OTC\\EURUSDOTC0828070025.txt'
2026-08-28 07:22:02,096 | WARNING  | [Orchestrator] Error cleaning old txt files for EURUSD-OTC: [WinError 2] The system cannot find the file specified: 'data_evaluate/payload_output\\EURUSD-OTC\\EURUSDOTC0828070503.txt'
2026-08-28 07:24:02,064 | WARNING  | [Orchestrator] Error cleaning old txt files for EURUSD: [WinError 2] The system cannot find the file specified: 'data_evaluate/payload_output\\EURUSD\\EURUSD0828070535.txt'
2026-08-28 07:25:02,115 | WARNING  | [Orchestrator] Error cleaning old txt files for EURUSD: [WinError 2] The system cannot find the file specified: 'data_evaluate/payload_output\\EURUSD\\EURUSD0828070601.txt'
2026-08-28 07:27:02,090 | WARNING  | [Orchestrator] Error cleaning old txt files for EURUSD: [WinError 2] The system cannot find the file specified: 'data_evaluate/payload_output\\EURUSD\\EURUSD0828070701.txt'
2026-08-28 07:29:02,159 | WARNING  | [Orchestrator] Error cleaning old txt files for EURUSD-OTC: [WinError 2] The system cannot find the file specified: 'data_evaluate/payload_output\\EURUSD-OTC\\EURUSDOTC0828071001.txt'
2026-08-28 07:33:02,091 | WARNING  | [Orchestrator] Error cleaning old txt files for EURUSD: [WinError 2] The system cannot find the file specified: 'data_evaluate/payload_output\\EURUSD\\EURUSD0828071201.txt'
2026-08-28 07:41:02,247 | WARNING  | [Orchestrator] Error cleaning old txt files for EURUSD: [WinError 2] The system cannot find the file specified: 'data_evaluate/payload_output\\EURUSD\\EURUSD0828072201.txt'
2026-08-28 07:44:04,622 | WARNING  | [Orchestrator] Error cleaning old txt files for EURUSD-OTC: [WinError 2] The system cannot find the file specified: 'data_evaluate/payload_output\\EURUSD-OTC\\EURUSDOTC0828073401.txt'
2026-08-28 07:45:02,292 | WARNING  | [Orchestrator] Error cleaning old txt files for EURUSD: [WinError 2] The system cannot find the file specified: 'data_evaluate/payload_output\\EURUSD\\EURUSD0828073402.txt'
2026-08-28 07:46:04,633 | WARNING  | [Orchestrator] Error cleaning old txt files for EURUSD-OTC: [WinError 2] The system cannot find the file specified: 'data_evaluate/payload_output\\EURUSD-OTC\\EURUSDOTC0828073604.txt'
2026-08-28 07:57:02,248 | WARNING  | [Orchestrator] Error cleaning old txt files for EURUSD: [WinError 2] The system cannot find the file specified: 'data_evaluate/payload_output\\EURUSD\\EURUSD0828074607.txt'
2026-08-28 07:58:02,314 | WARNING  | [Orchestrator] Error cleaning old txt files for EURUSD-OTC: [WinError 2] The system cannot find the file specified: 'data_evaluate/payload_output\\EURUSD-OTC\\EURUSDOTC0828074702.txt'
2026-08-28 08:00:02,279 | WARNING  | [Orchestrator] Error cleaning old txt files for EURUSD-OTC: [WinError 2] The system cannot find the file specified: 'data_evaluate/payload_output\\EURUSD-OTC\\EURUSDOTC0828075002.txt'
2026-08-28 08:00:02,291 | WARNING  | [Orchestrator] Error cleaning old txt files for EURUSD-OTC: [WinError 2] The system cannot find the file specified: 'data_evaluate/payload_output\\EURUSD-OTC\\EURUSDOTC0828074906.txt'
2026-08-28 08:15:02,371 | WARNING  | [Orchestrator] Error cleaning old txt files for EURUSD-OTC: [WinError 2] The system cannot find the file specified: 'data_evaluate/payload_output\\EURUSD-OTC\\EURUSDOTC0828080620.txt'
2026-08-28 08:15:02,431 | WARNING  | [Orchestrator] Error cleaning old txt files for EURUSD-OTC: [WinError 2] The system cannot find the file specified: 'data_evaluate/payload_output\\EURUSD-OTC\\EURUSDOTC0828080602.txt'
2026-08-28 08:15:02,494 | WARNING  | [Orchestrator] Error cleaning old txt files for EURUSD: [WinError 2] The system cannot find the file specified: 'data_evaluate/payload_output\\EURUSD\\EURUSD0828080502.txt'
2026-08-28 09:15:03,852 | WARNING  | [Orchestrator] Error cleaning old txt files for EURUSD: [WinError 2] The system cannot find the file specified: 'data_base/evaluate_output\\EURUSD\\EURUSD0828085604.txt'
2026-08-28 09:15:04,875 | WARNING  | [Orchestrator] Error cleaning old txt files for EURUSD-OTC: [WinError 2] The system cannot find the file specified: 'data_base/evaluate_output\\EURUSD-OTC\\EURUSDOTC0828085604.txt'
2026-08-30 14:44:13,785 | WARNING  | [Orchestrator] Error cleaning old txt files for EURUSD-OTC: [WinError 2] The system cannot find the file specified: 'data_base/evaluate_output\\EURUSD-OTC\\EURUSDOTC0828091020.txt'
2026-08-30 14:44:14,347 | WARNING  | [Orchestrator] Error cleaning old txt files for USDCHF-OTC: [WinError 2] The system cannot find the file specified: 'data_base/evaluate_output\\USDCHF-OTC\\USDCHFOTC0827011001.txt'
